Microchip MPLAB XC8 Compiler V1.37 ()

Linker command line:

-W-3 --edf=C:\Program Files (x86)\Microchip\xc8\v1.37\dat\en_msgs.txt -cs \
  -h+dist/default/production\adcdesafio.X.production.sym \
  --cmf=dist/default/production\adcdesafio.X.production.cmf -z -Q18F4550 \
  -oC:\Users\Aluno\AppData\Local\Temp\s36k.2 \
  -Mdist/default/production/adcdesafio.X.production.map -E1 -ver=XC8 \
  -ASTACK=060h-07ffh -pstack=STACK -ACODE=00h-07FFFh -ACONST=00h-07FFFh \
  -ASMALLCONST=0800h-08FFhx120 -AMEDIUMCONST=0800h-07FFFh -ACOMRAM=01h-05Fh \
  -AABS1=00h-07FFh -ABIGRAM=01h-07FFh -ARAM=060h-0FFh,0100h-01FFhx7 \
  -ABANK0=060h-0FFh -ABANK1=0100h-01FFh -ABANK2=0200h-02FFh \
  -ABANK3=0300h-03FFh -ABANK4=0400h-04FFh -ABANK5=0500h-05FFh \
  -ABANK6=0600h-06FFh -ABANK7=0700h-07FFh -ASFR=0F60h-0FFFh \
  -preset_vec=00h,intcode=08h,intcodelo,powerup,init,end_init \
  -pramtop=0800h -psmallconst=SMALLCONST -pmediumconst=MEDIUMCONST \
  -pconst=CONST -AFARRAM=00h-00h -ACONFIG=0300000h-030000Dh -pconfig=CONFIG \
  -AIDLOC=0200000h-0200007h -pidloc=IDLOC -AEEDATA=0F00000h-0F000FFh \
  -peeprom_data=EEDATA \
  -prdata=COMRAM,nvrram=COMRAM,nvbit=COMRAM,rbss=COMRAM,rbit=COMRAM \
  -pfarbss=FARRAM,fardata=FARRAM,nvFARRAM=FARRAM \
  -pintsave_regs=BIGRAM,bigbss=BIGRAM,bigdata=BIGRAM -pbss=RAM \
  -pidata=CODE,irdata=CODE,ibigdata=CODE,ifardata=CODE -prparam=COMRAM \
  C:\Users\Aluno\AppData\Local\Temp\s36k.obj \
  dist/default/production\adcdesafio.X.production.obj 

Object code version is 3.11

Machine type is 18F4550

Call graph: (short form)




                Name                               Link     Load   Length Selector   Space Scale
C:\Users\Aluno\AppData\Local\Temp\s36k.obj
                end_init                             16       16        4        4       0
                reset_vec                             0        0        4        0       0
                idloc                            200000   200000        8   200000       0
                config                           300000   300000        E   300000       0
dist/default/production\adcdesafio.X.production.obj
                intcode                               8        8        E        4       0
                temp                                 25       25        1        1       1
                smallconst                          800      800        C      400       0
                intcode_body                        AE2      AE2       8C      406       0
                text24                              D2E      D2E       20      406       0
                text23                              A4C      A4C       96      406       0
                text22                              DB8      DB8        A      406       0
                text21                              DAE      DAE        A      406       0
                text20                              D78      D78        E      406       0
                text19                              D4E      D4E       16      406       0
                text18                              DF0      DF0        4      406       0
                text17                              DEA      DEA        6      406       0
                text16                              DE2      DE2        8      406       0
                text15                              DDA      DDA        8      406       0
                text14                              BEA      BEA       52      406       0
                text13                              C3C      C3C       42      406       0
                text12                              DD2      DD2        8      406       0
                text11                              DA4      DA4        A      406       0
                text10                              D9A      D9A        A      406       0
                text9                               D02      D02       2C      406       0
                text8                               CD6      CD6       2C      406       0
                text7                               DCA      DCA        8      406       0
                text6                               CAA      CAA       2C      406       0
                text5                               C7E      C7E       2C      406       0
                text4                               80C      80C      240      406       0
                text3                               D90      D90        A      406       0
                text2                               DC2      DC2        8      406       0
                text1                               D86      D86        A      406       0
                text0                               B6E      B6E       7C      406       0
                cstackCOMRAM                          1        1       23        1       1
                bssCOMRAM                            24       24        1        1       1
                cinit                               D64      D64       14      406       0

TOTAL           Name                               Link     Load   Length     Space
        CLASS   STACK          

        CLASS   CODE           
                end_init                             16       16        4         0
                intcode                               8        8        E         0
                reset_vec                             0        0        4         0
                intcode_body                        AE2      AE2       8C         0
                text24                              D2E      D2E       20         0
                text23                              A4C      A4C       96         0
                text22                              DB8      DB8        A         0
                text21                              DAE      DAE        A         0
                text20                              D78      D78        E         0
                text19                              D4E      D4E       16         0
                text18                              DF0      DF0        4         0
                text17                              DEA      DEA        6         0
                text16                              DE2      DE2        8         0
                text15                              DDA      DDA        8         0
                text14                              BEA      BEA       52         0
                text13                              C3C      C3C       42         0
                text12                              DD2      DD2        8         0
                text11                              DA4      DA4        A         0
                text10                              D9A      D9A        A         0
                text9                               D02      D02       2C         0
                text8                               CD6      CD6       2C         0
                text7                               DCA      DCA        8         0
                text6                               CAA      CAA       2C         0
                text5                               C7E      C7E       2C         0
                text4                               80C      80C      240         0
                text3                               D90      D90        A         0
                text2                               DC2      DC2        8         0
                text1                               D86      D86        A         0
                text0                               B6E      B6E       7C         0
                cinit                               D64      D64       14         0

        CLASS   CONST          

        CLASS   SMALLCONST     
                smallconst                          800      800        C         0

        CLASS   MEDIUMCONST    

        CLASS   COMRAM         
                temp                                 25       25        1         1
                cstackCOMRAM                          1        1       23         1
                bssCOMRAM                            24       24        1         1

        CLASS   ABS1           

        CLASS   BIGRAM         

        CLASS   RAM            

        CLASS   BANK0          

        CLASS   BANK1          

        CLASS   BANK2          

        CLASS   BANK3          

        CLASS   BANK4          

        CLASS   BANK5          

        CLASS   BANK6          

        CLASS   BANK7          

        CLASS   SFR            

        CLASS   FARRAM         

        CLASS   CONFIG         
                config                           300000   300000        E         0

        CLASS   IDLOC          
                idloc                            200000   200000        8         0

        CLASS   EEDATA         



SEGMENTS        Name                           Load    Length   Top    Selector   Space  Class

                reset_vec                      000000  000004  000004         0       0  CODE    
                cstackCOMRAM                   000001  000025  000026         1       1  COMRAM  
                intcode                        000008  000012  00001A         4       0  CODE    
                smallconst                     000800  00000C  00080C       400       0  SMALLCON
                text4                          00080C  0005E8  000DF4       406       0  CODE    
                idloc                          200000  000008  200008    200000       0  IDLOC   
                config                         300000  00000E  30000E    300000       0  CONFIG  


UNUSED ADDRESS RANGES

        Name                Unused          Largest block    Delta
        BANK0            000060-0000FF               A0
        BANK1            000100-0001FF              100
        BANK2            000200-0002FF              100
        BANK3            000300-0003FF              100
        BANK4            000400-0004FF              100
        BANK5            000500-0005FF              100
        BANK6            000600-0006FF              100
        BANK7            000700-0007FF              100
        BIGRAM           000026-0007FF              7DA
        CODE             000004-000007                4
                         00001A-0007FF              7E6
                         000DF4-007FFF             720C
        COMRAM           000026-00005F               3A
        CONST            000004-000007                4
                         00001A-0007FF              7E6
                         000DF4-007FFF             720C
        EEDATA           F00000-F000FF              100
        MEDIUMCONST      000DF4-007FFF             720C
        RAM              000060-0007FF              100
        SFR              000F60-000FFF               A0
        SMALLCONST       000DF4-007FFF              100
        STACK            000060-0007FF              7A0

                                  Symbol Table

?___lwdiv                   cstackCOMRAM 000014
?___lwmod                   cstackCOMRAM 00000F
?_adcRead                   cstackCOMRAM 00000F
_ADCON0                     (abs)        000FC2
_ADCON1                     (abs)        000FC1
_ADCON2                     (abs)        000FC0
_ADON                       (abs)        007E10
_ADRESH                     (abs)        000FC4
_ADRESL                     (abs)        000FC3
_GIE                        (abs)        007F97
_GO_nDONE                   (abs)        007E11
_ISR                        intcode      000008
_LATA                       (abs)        000F89
_LATB                       (abs)        000F8A
_LATC                       (abs)        000F8B
_LATC7                      (abs)        007C5F
_LATD                       (abs)        000F8C
_LATE                       (abs)        000F8D
_PORTB                      (abs)        000F81
_PSA                        (abs)        007EAB
_T0CON                      (abs)        000FD5
_T0CS                       (abs)        007EAD
_T0IE                       (abs)        007F95
_T0IF                       (abs)        007F92
_TMR0                       (abs)        000FD6
_TMR0IF                     (abs)        007F92
_TMR0ON                     (abs)        007EAF
_TRISA                      (abs)        000F92
_TRISB                      (abs)        000F93
_TRISC                      (abs)        000F94
_TRISD                      (abs)        000F95
_TRISE                      (abs)        000F96
_VCFG0                      (abs)        007E0C
_VCFG1                      (abs)        007E0D
__CFG_BOR$ON                (abs)        000000
__CFG_BORV$3                (abs)        000000
__CFG_CCP2MX$ON             (abs)        000000
__CFG_CP0$OFF               (abs)        000000
__CFG_CP1$OFF               (abs)        000000
__CFG_CP2$OFF               (abs)        000000
__CFG_CP3$OFF               (abs)        000000
__CFG_CPB$OFF               (abs)        000000
__CFG_CPD$OFF               (abs)        000000
__CFG_CPUDIV$OSC1_PLL2      (abs)        000000
__CFG_EBTR0$OFF             (abs)        000000
__CFG_EBTR1$OFF             (abs)        000000
__CFG_EBTR2$OFF             (abs)        000000
__CFG_EBTR3$OFF             (abs)        000000
__CFG_EBTRB$OFF             (abs)        000000
__CFG_FCMEN$OFF             (abs)        000000
__CFG_FOSC$HS               (abs)        000000
__CFG_ICPRT$OFF             (abs)        000000
__CFG_IESO$OFF              (abs)        000000
__CFG_LPT1OSC$OFF           (abs)        000000
__CFG_LVP$ON                (abs)        000000
__CFG_MCLRE$OFF             (abs)        000000
__CFG_PBADEN$ON             (abs)        000000
__CFG_PLLDIV$1              (abs)        000000
__CFG_PWRT$OFF              (abs)        000000
__CFG_STVREN$ON             (abs)        000000
__CFG_USBDIV$1              (abs)        000000
__CFG_VREGEN$OFF            (abs)        000000
__CFG_WDT$OFF               (abs)        000000
__CFG_WDTPS$32768           (abs)        000000
__CFG_WRT0$OFF              (abs)        000000
__CFG_WRT1$OFF              (abs)        000000
__CFG_WRT2$OFF              (abs)        000000
__CFG_WRT3$OFF              (abs)        000000
__CFG_WRTB$OFF              (abs)        000000
__CFG_WRTC$OFF              (abs)        000000
__CFG_WRTD$OFF              (abs)        000000
__CFG_XINST$OFF             (abs)        000000
__HRAM                      (abs)        000000
__Habs1                     abs1         000000
__Hbank0                    bank0        000000
__Hbank1                    bank1        000000
__Hbank2                    bank2        000000
__Hbank3                    bank3        000000
__Hbank4                    bank4        000000
__Hbank5                    bank5        000000
__Hbank6                    bank6        000000
__Hbank7                    bank7        000000
__Hbigbss                   bigbss       000000
__Hbigdata                  bigdata      000000
__Hbigram                   bigram       000000
__Hbss                      bss          000000
__HbssCOMRAM                bssCOMRAM    000000
__Hcinit                    cinit        000000
__Hclrtext                  clrtext      000000
__Hcomram                   comram       000000
__Hconfig                   config       30000E
__Hconst                    const        000000
__HcstackCOMRAM             cstackCOMRAM 000000
__Hdata                     data         000000
__Heeprom_data              eeprom_data  000000
__Hend_init                 end_init     00001A
__Hfarbss                   farbss       000000
__Hfardata                  fardata      000000
__Hibigdata                 ibigdata     000000
__Hidata                    idata        000000
__Hidloc                    idloc        200008
__Hifardata                 ifardata     000000
__Hinit                     init         000016
__Hintcode                  intcode      000016
__Hintcode_body             intcode_body 000000
__Hintcodelo                intcodelo    000016
__Hintentry                 intentry     000000
__Hintret                   intret       000000
__Hintsave_regs             intsave_regs 000000
__Hirdata                   irdata       000000
__Hmediumconst              mediumconst  000000
__HnvFARRAM                 nvFARRAM     000000
__Hnvbit                    nvbit        000000
__Hnvrram                   nvrram       000000
__Hparam                    rparam       000000
__Hpowerup                  powerup      000016
__Hram                      ram          000000
__Hramtop                   ramtop       000800
__Hrbit                     rbit         000000
__Hrbss                     rbss         000000
__Hrdata                    rdata        000000
__Hreset_vec                reset_vec    000004
__Hrparam                   rparam       000000
__Hsfr                      sfr          000000
__Hsmallconst               smallconst   00080C
__Hspace_0                  (abs)        30000E
__Hspace_1                  (abs)        000026
__Hspace_2                  (abs)        000000
__Hstack                    stack        000000
__Hstruct                   struct       000000
__Htemp                     temp         000026
__Htext                     text         000000
__Htext0                    text0        000000
__Htext1                    text1        000000
__Htext10                   text10       000000
__Htext11                   text11       000000
__Htext12                   text12       000000
__Htext13                   text13       000000
__Htext14                   text14       000000
__Htext15                   text15       000000
__Htext16                   text16       000000
__Htext17                   text17       000000
__Htext18                   text18       000000
__Htext19                   text19       000000
__Htext2                    text2        000000
__Htext20                   text20       000000
__Htext21                   text21       000000
__Htext22                   text22       000000
__Htext23                   text23       000000
__Htext24                   text24       000000
__Htext3                    text3        000000
__Htext4                    text4        000000
__Htext5                    text5        000000
__Htext6                    text6        000000
__Htext7                    text7        000000
__Htext8                    text8        000000
__Htext9                    text9        000000
__LRAM                      (abs)        000001
__Labs1                     abs1         000000
__Lbank0                    bank0        000000
__Lbank1                    bank1        000000
__Lbank2                    bank2        000000
__Lbank3                    bank3        000000
__Lbank4                    bank4        000000
__Lbank5                    bank5        000000
__Lbank6                    bank6        000000
__Lbank7                    bank7        000000
__Lbigbss                   bigbss       000000
__Lbigdata                  bigdata      000000
__Lbigram                   bigram       000000
__Lbss                      bss          000000
__LbssCOMRAM                bssCOMRAM    000000
__Lcinit                    cinit        000000
__Lclrtext                  clrtext      000000
__Lcomram                   comram       000000
__Lconfig                   config       300000
__Lconst                    const        000000
__LcstackCOMRAM             cstackCOMRAM 000000
__Ldata                     data         000000
__Leeprom_data              eeprom_data  000000
__Lend_init                 end_init     000016
__Lfarbss                   farbss       000000
__Lfardata                  fardata      000000
__Libigdata                 ibigdata     000000
__Lidata                    idata        000000
__Lidloc                    idloc        200000
__Lifardata                 ifardata     000000
__Linit                     init         000016
__Lintcode                  intcode      000008
__Lintcode_body             intcode_body 000000
__Lintcodelo                intcodelo    000016
__Lintentry                 intentry     000000
__Lintret                   intret       000000
__Lintsave_regs             intsave_regs 000000
__Lirdata                   irdata       000000
__Lmediumconst              mediumconst  000000
__LnvFARRAM                 nvFARRAM     000000
__Lnvbit                    nvbit        000000
__Lnvrram                   nvrram       000000
__Lparam                    rparam       000000
__Lpowerup                  powerup      000016
__Lram                      ram          000000
__Lramtop                   ramtop       000800
__Lrbit                     rbit         000000
__Lrbss                     rbss         000000
__Lrdata                    rdata        000000
__Lreset_vec                reset_vec    000000
__Lrparam                   rparam       000000
__Lsfr                      sfr          000000
__Lsmallconst               smallconst   000800
__Lspace_0                  (abs)        000000
__Lspace_1                  (abs)        000000
__Lspace_2                  (abs)        000000
__Lstack                    stack        000000
__Lstruct                   struct       000000
__Ltemp                     temp         000025
__Ltext                     text         000000
__Ltext0                    text0        000000
__Ltext1                    text1        000000
__Ltext10                   text10       000000
__Ltext11                   text11       000000
__Ltext12                   text12       000000
__Ltext13                   text13       000000
__Ltext14                   text14       000000
__Ltext15                   text15       000000
__Ltext16                   text16       000000
__Ltext17                   text17       000000
__Ltext18                   text18       000000
__Ltext19                   text19       000000
__Ltext2                    text2        000000
__Ltext20                   text20       000000
__Ltext21                   text21       000000
__Ltext22                   text22       000000
__Ltext23                   text23       000000
__Ltext24                   text24       000000
__Ltext3                    text3        000000
__Ltext4                    text4        000000
__Ltext5                    text5        000000
__Ltext6                    text6        000000
__Ltext7                    text7        000000
__Ltext8                    text8        000000
__Ltext9                    text9        000000
__S0                        (abs)        30000E
__S1                        (abs)        000026
__S2                        (abs)        000000
___inthi_sp                 stack        000000
___intlo_sp                 stack        000000
___lwdiv                    text14       000BEA
___lwdiv@counter            cstackCOMRAM 00001A
___lwdiv@dividend           cstackCOMRAM 000014
___lwdiv@divisor            cstackCOMRAM 000016
___lwdiv@quotient           cstackCOMRAM 000018
___lwmod                    text13       000C3C
___lwmod@counter            cstackCOMRAM 000013
___lwmod@dividend           cstackCOMRAM 00000F
___lwmod@divisor            cstackCOMRAM 000011
___param_bank               (abs)        000010
___rparam_used              (abs)        000001
___sp                       stack        000000
__accesstop                 (abs)        000060
__activetblptr              (abs)        000001
__end_of_ISR                intcode_body 000B6E
__end_of___lwdiv            text14       000C3C
__end_of___lwmod            text13       000C7E
__end_of__initialization    cinit        000D66
__end_of_adcConfig          text24       000D4E
__end_of_adcRead            text23       000AE2
__end_of_configSevenSeg     text20       000D86
__end_of_configTimer0       text19       000D64
__end_of_desableTimer0ISR   text18       000DF4
__end_of_enableTimer0ISR    text17       000DF0
__end_of_main               text0        000BEA
__end_of_output_highA       text12       000DDA
__end_of_output_highC       text16       000DEA
__end_of_output_highD       text15       000DE2
__end_of_output_highE       text7        000DD2
__end_of_output_lowA        text11       000DAE
__end_of_output_lowE        text10       000DA4
__end_of_printDigit1        text9        000D2E
__end_of_printDigit2        text8        000D02
__end_of_printDigit3        text6        000CD6
__end_of_printDigit4        text5        000CAA
__end_of_printDisplays      text4        000A4C
__end_of_resetTimer0        text3        000D9A
__end_of_setInputA          text2        000DCA
__end_of_setOutputA         text22       000DC2
__end_of_setOutputC         text1        000D90
__end_of_setOutputE         text21       000DB8
__end_of_tabela             smallconst   00080B
__initialization            cinit        000D64
__mediumconst               mediumconst  000000
__pbssCOMRAM                bssCOMRAM    000024
__pcinit                    cinit        000D64
__pcstackCOMRAM             cstackCOMRAM 000001
__pintcode                  intcode      000008
__pintcode_body             intcode_body 000AE2
__psmallconst               smallconst   000800
__ptext0                    text0        000B6E
__ptext1                    text1        000D86
__ptext10                   text10       000D9A
__ptext11                   text11       000DA4
__ptext12                   text12       000DD2
__ptext13                   text13       000C3C
__ptext14                   text14       000BEA
__ptext15                   text15       000DDA
__ptext16                   text16       000DE2
__ptext17                   text17       000DEA
__ptext18                   text18       000DF0
__ptext19                   text19       000D4E
__ptext2                    text2        000DC2
__ptext20                   text20       000D78
__ptext21                   text21       000DAE
__ptext22                   text22       000DB8
__ptext23                   text23       000A4C
__ptext24                   text24       000D2E
__ptext3                    text3        000D90
__ptext4                    text4        00080C
__ptext5                    text5        000C7E
__ptext6                    text6        000CAA
__ptext7                    text7        000DCA
__ptext8                    text8        000CD6
__ptext9                    text9        000D02
__ramtop                    ramtop       000800
__size_of_ISR               (abs)        000000
__size_of___lwdiv           (abs)        000000
__size_of___lwmod           (abs)        000000
__size_of_adcConfig         (abs)        000000
__size_of_adcRead           (abs)        000000
__size_of_configSevenSeg    (abs)        000000
__size_of_configTimer0      (abs)        000000
__size_of_desableTimer0ISR  (abs)        000000
__size_of_enableTimer0ISR   (abs)        000000
__size_of_main              (abs)        000000
__size_of_output_highA      (abs)        000000
__size_of_output_highC      (abs)        000000
__size_of_output_highD      (abs)        000000
__size_of_output_highE      (abs)        000000
__size_of_output_lowA       (abs)        000000
__size_of_output_lowE       (abs)        000000
__size_of_printDigit1       (abs)        000000
__size_of_printDigit2       (abs)        000000
__size_of_printDigit3       (abs)        000000
__size_of_printDigit4       (abs)        000000
__size_of_printDisplays     (abs)        000000
__size_of_resetTimer0       (abs)        000000
__size_of_setInputA         (abs)        000000
__size_of_setOutputA        (abs)        000000
__size_of_setOutputC        (abs)        000000
__size_of_setOutputE        (abs)        000000
__smallconst                smallconst   000800
_adcConfig                  text24       000D2E
_adcRead                    text23       000A4C
_configSevenSeg             text20       000D78
_configTimer0               text19       000D4E
_contador                   bssCOMRAM    000024
_desableTimer0ISR           text18       000DF0
_enableTimer0ISR            text17       000DEA
_main                       text0        000B6E
_output_highA               text12       000DD2
_output_highC               text16       000DE2
_output_highD               text15       000DDA
_output_highE               text7        000DCA
_output_lowA                text11       000DA4
_output_lowE                text10       000D9A
_printDigit1                text9        000D02
_printDigit2                text8        000CD6
_printDigit3                text6        000CAA
_printDigit4                text5        000C7E
_printDisplays              text4        00080C
_printDisplays$799          cstackCOMRAM 000020
_printDisplays$800          cstackCOMRAM 00001E
_resetTimer0                text3        000D90
_setInputA                  text2        000DC2
_setOutputA                 text22       000DB8
_setOutputC                 text1        000D86
_setOutputE                 text21       000DAE
_tabela                     smallconst   000801
adcConfig@acqTime           cstackCOMRAM 00000F
adcConfig@conversionRate    cstackCOMRAM 000011
adcConfig@portConfig        cstackCOMRAM 000010
adcRead@channel             cstackCOMRAM 000017
adcRead@resultFormat        cstackCOMRAM 00000F
adcRead@returnValue         cstackCOMRAM 000015
btemp                       temp         000025
configTimer0@prescalerValue cstackCOMRAM 00000F
end_of_initialization       cinit        000D66
int$flags                   temp         000025
int_func                    intcode_body 000AE2
intlevel0                   text         000000
intlevel1                   text         000000
intlevel2                   text         000000
intlevel3                   text         000000
main@valor                  cstackCOMRAM 000022
output_highA@outputs        cstackCOMRAM 00000F
output_highC@outputs        cstackCOMRAM 00000F
output_highD@outputs        cstackCOMRAM 00000F
output_highE@outputs        cstackCOMRAM 00000F
output_lowA@outputs         cstackCOMRAM 00000F
output_lowE@outputs         cstackCOMRAM 00000F
printDigit1@valor           cstackCOMRAM 000010
printDigit2@valor           cstackCOMRAM 000010
printDigit3@valor           cstackCOMRAM 000010
printDigit4@valor           cstackCOMRAM 000010
printDisplays@valor         cstackCOMRAM 00001B
setInputA@inputs            cstackCOMRAM 00000F
setOutputA@outputs          cstackCOMRAM 00000F
setOutputC@outputs          cstackCOMRAM 00000F
setOutputE@outputs          cstackCOMRAM 00000F
stackhi                     (abs)        0007FF
stacklo                     (abs)        000060
start                       init         000016
start_initialization        cinit        000D64


FUNCTION INFORMATION:

 *************** function _main *****************
 Defined at:
		line 28 in file "main.c"
 Parameters:    Size  Location     Type
		None
 Auto vars:     Size  Location     Type
  valor           2   33[COMRAM] unsigned int 
 Return value:  Size  Location     Type
                  2  202[None  ] int 
 Registers used:
		wreg, status,2, status,0, tblptrl, tblptrh, tblptru, prodl, prodh, cstack
 Tracked objects:
		On entry : 
		On exit  : 
		Unchanged: 
 Data sizes:     COMRAM   BANK0   BANK1   BANK2   BANK3   BANK4   BANK5   BANK6   BANK7
      Params:         0       0       0       0       0       0       0       0       0
      Locals:         2       0       0       0       0       0       0       0       0
      Temps:          0       0       0       0       0       0       0       0       0
      Totals:         2       0       0       0       0       0       0       0       0
Total ram usage:        2 bytes
 Hardware stack levels required when called:    4
 This function calls:
		_adcConfig
		_adcRead
		_configSevenSeg
		_configTimer0
		_desableTimer0ISR
		_enableTimer0ISR
		_output_highC
		_output_highD
		_printDisplays
		_resetTimer0
		_setInputA
		_setOutputC
 This function is called by:
		Startup code after reset
 This function uses a non-reentrant model


 *************** function _setOutputC *****************
 Defined at:
		line 21 in file "../../Downloads/minicurso-pic-master/dia03/desafio_adc/configIO.c"
 Parameters:    Size  Location     Type
  outputs         1    wreg     unsigned char 
 Auto vars:     Size  Location     Type
  outputs         1   14[COMRAM] unsigned char 
 Return value:  Size  Location     Type
                  1    wreg      void 
 Registers used:
		wreg, status,2, status,0
 Tracked objects:
		On entry : 
		On exit  : 
		Unchanged: 
 Data sizes:     COMRAM   BANK0   BANK1   BANK2   BANK3   BANK4   BANK5   BANK6   BANK7
      Params:         0       0       0       0       0       0       0       0       0
      Locals:         1       0       0       0       0       0       0       0       0
      Temps:          0       0       0       0       0       0       0       0       0
      Totals:         1       0       0       0       0       0       0       0       0
Total ram usage:        1 bytes
 Hardware stack levels used:    1
 Hardware stack levels required when called:    1
 This function calls:
		Nothing
 This function is called by:
		_main
 This function uses a non-reentrant model


 *************** function _setInputA *****************
 Defined at:
		line 36 in file "../../Downloads/minicurso-pic-master/dia03/desafio_adc/configIO.c"
 Parameters:    Size  Location     Type
  inputs          1    wreg     unsigned char 
 Auto vars:     Size  Location     Type
  inputs          1   14[COMRAM] unsigned char 
 Return value:  Size  Location     Type
                  1    wreg      void 
 Registers used:
		wreg, status,2, status,0
 Tracked objects:
		On entry : 
		On exit  : 
		Unchanged: 
 Data sizes:     COMRAM   BANK0   BANK1   BANK2   BANK3   BANK4   BANK5   BANK6   BANK7
      Params:         0       0       0       0       0       0       0       0       0
      Locals:         1       0       0       0       0       0       0       0       0
      Temps:          0       0       0       0       0       0       0       0       0
      Totals:         1       0       0       0       0       0       0       0       0
Total ram usage:        1 bytes
 Hardware stack levels used:    1
 Hardware stack levels required when called:    1
 This function calls:
		Nothing
 This function is called by:
		_main
 This function uses a non-reentrant model


 *************** function _resetTimer0 *****************
 Defined at:
		line 30 in file "../../Downloads/minicurso-pic-master/dia03/desafio_adc/timer0lib.c"
 Parameters:    Size  Location     Type
		None
 Auto vars:     Size  Location     Type
		None
 Return value:  Size  Location     Type
                  1    wreg      void 
 Registers used:
		wreg, status,2
 Tracked objects:
		On entry : 
		On exit  : 
		Unchanged: 
 Data sizes:     COMRAM   BANK0   BANK1   BANK2   BANK3   BANK4   BANK5   BANK6   BANK7
      Params:         0       0       0       0       0       0       0       0       0
      Locals:         0       0       0       0       0       0       0       0       0
      Temps:          0       0       0       0       0       0       0       0       0
      Totals:         0       0       0       0       0       0       0       0       0
Total ram usage:        0 bytes
 Hardware stack levels used:    1
 Hardware stack levels required when called:    1
 This function calls:
		Nothing
 This function is called by:
		_main
 This function uses a non-reentrant model


 *************** function _printDisplays *****************
 Defined at:
		line 42 in file "sevenSeg.c"
 Parameters:    Size  Location     Type
  valor           2   26[COMRAM] unsigned int 
 Auto vars:     Size  Location     Type
		None
 Return value:  Size  Location     Type
                  1    wreg      void 
 Registers used:
		wreg, status,2, status,0, tblptrl, tblptrh, tblptru, prodl, prodh, cstack
 Tracked objects:
		On entry : 
		On exit  : 
		Unchanged: 
 Data sizes:     COMRAM   BANK0   BANK1   BANK2   BANK3   BANK4   BANK5   BANK6   BANK7
      Params:         2       0       0       0       0       0       0       0       0
      Locals:         4       0       0       0       0       0       0       0       0
      Temps:          1       0       0       0       0       0       0       0       0
      Totals:         7       0       0       0       0       0       0       0       0
Total ram usage:        7 bytes
 Hardware stack levels used:    1
 Hardware stack levels required when called:    3
 This function calls:
		___lwdiv
		___lwmod
		_printDigit1
		_printDigit2
		_printDigit3
		_printDigit4
 This function is called by:
		_main
 This function uses a non-reentrant model


 *************** function _printDigit4 *****************
 Defined at:
		line 32 in file "sevenSeg.c"
 Parameters:    Size  Location     Type
  valor           1    wreg     unsigned char 
 Auto vars:     Size  Location     Type
  valor           1   15[COMRAM] unsigned char 
 Return value:  Size  Location     Type
                  1    wreg      void 
 Registers used:
		wreg, status,2, status,0, tblptrl, tblptrh, tblptru, prodl, prodh, cstack
 Tracked objects:
		On entry : 
		On exit  : 
		Unchanged: 
 Data sizes:     COMRAM   BANK0   BANK1   BANK2   BANK3   BANK4   BANK5   BANK6   BANK7
      Params:         0       0       0       0       0       0       0       0       0
      Locals:         1       0       0       0       0       0       0       0       0
      Temps:          0       0       0       0       0       0       0       0       0
      Totals:         1       0       0       0       0       0       0       0       0
Total ram usage:        1 bytes
 Hardware stack levels used:    1
 Hardware stack levels required when called:    2
 This function calls:
		_output_highE
		_output_lowA
		_output_lowE
 This function is called by:
		_printDisplays
 This function uses a non-reentrant model


 *************** function _printDigit3 *****************
 Defined at:
		line 26 in file "sevenSeg.c"
 Parameters:    Size  Location     Type
  valor           1    wreg     unsigned char 
 Auto vars:     Size  Location     Type
  valor           1   15[COMRAM] unsigned char 
 Return value:  Size  Location     Type
                  1    wreg      void 
 Registers used:
		wreg, status,2, status,0, tblptrl, tblptrh, tblptru, prodl, prodh, cstack
 Tracked objects:
		On entry : 
		On exit  : 
		Unchanged: 
 Data sizes:     COMRAM   BANK0   BANK1   BANK2   BANK3   BANK4   BANK5   BANK6   BANK7
      Params:         0       0       0       0       0       0       0       0       0
      Locals:         1       0       0       0       0       0       0       0       0
      Temps:          0       0       0       0       0       0       0       0       0
      Totals:         1       0       0       0       0       0       0       0       0
Total ram usage:        1 bytes
 Hardware stack levels used:    1
 Hardware stack levels required when called:    2
 This function calls:
		_output_highE
		_output_lowA
		_output_lowE
 This function is called by:
		_printDisplays
 This function uses a non-reentrant model


 *************** function _output_highE *****************
 Defined at:
		line 80 in file "../../Downloads/minicurso-pic-master/dia03/desafio_adc/configIO.c"
 Parameters:    Size  Location     Type
  outputs         1    wreg     unsigned char 
 Auto vars:     Size  Location     Type
  outputs         1   14[COMRAM] unsigned char 
 Return value:  Size  Location     Type
                  1    wreg      void 
 Registers used:
		wreg, status,2, status,0
 Tracked objects:
		On entry : 
		On exit  : 
		Unchanged: 
 Data sizes:     COMRAM   BANK0   BANK1   BANK2   BANK3   BANK4   BANK5   BANK6   BANK7
      Params:         0       0       0       0       0       0       0       0       0
      Locals:         1       0       0       0       0       0       0       0       0
      Temps:          0       0       0       0       0       0       0       0       0
      Totals:         1       0       0       0       0       0       0       0       0
Total ram usage:        1 bytes
 Hardware stack levels used:    1
 Hardware stack levels required when called:    1
 This function calls:
		Nothing
 This function is called by:
		_printDigit3
		_printDigit4
 This function uses a non-reentrant model


 *************** function _printDigit2 *****************
 Defined at:
		line 20 in file "sevenSeg.c"
 Parameters:    Size  Location     Type
  valor           1    wreg     unsigned char 
 Auto vars:     Size  Location     Type
  valor           1   15[COMRAM] unsigned char 
 Return value:  Size  Location     Type
                  1    wreg      void 
 Registers used:
		wreg, status,2, status,0, tblptrl, tblptrh, tblptru, prodl, prodh, cstack
 Tracked objects:
		On entry : 
		On exit  : 
		Unchanged: 
 Data sizes:     COMRAM   BANK0   BANK1   BANK2   BANK3   BANK4   BANK5   BANK6   BANK7
      Params:         0       0       0       0       0       0       0       0       0
      Locals:         1       0       0       0       0       0       0       0       0
      Temps:          0       0       0       0       0       0       0       0       0
      Totals:         1       0       0       0       0       0       0       0       0
Total ram usage:        1 bytes
 Hardware stack levels used:    1
 Hardware stack levels required when called:    2
 This function calls:
		_output_highA
		_output_lowA
		_output_lowE
 This function is called by:
		_printDisplays
 This function uses a non-reentrant model


 *************** function _printDigit1 *****************
 Defined at:
		line 13 in file "sevenSeg.c"
 Parameters:    Size  Location     Type
  valor           1    wreg     unsigned char 
 Auto vars:     Size  Location     Type
  valor           1   15[COMRAM] unsigned char 
 Return value:  Size  Location     Type
                  1    wreg      void 
 Registers used:
		wreg, status,2, status,0, tblptrl, tblptrh, tblptru, prodl, prodh, cstack
 Tracked objects:
		On entry : 
		On exit  : 
		Unchanged: 
 Data sizes:     COMRAM   BANK0   BANK1   BANK2   BANK3   BANK4   BANK5   BANK6   BANK7
      Params:         0       0       0       0       0       0       0       0       0
      Locals:         1       0       0       0       0       0       0       0       0
      Temps:          0       0       0       0       0       0       0       0       0
      Totals:         1       0       0       0       0       0       0       0       0
Total ram usage:        1 bytes
 Hardware stack levels used:    1
 Hardware stack levels required when called:    2
 This function calls:
		_output_highA
		_output_lowA
		_output_lowE
 This function is called by:
		_printDisplays
 This function uses a non-reentrant model


 *************** function _output_lowE *****************
 Defined at:
		line 64 in file "../../Downloads/minicurso-pic-master/dia03/desafio_adc/configIO.c"
 Parameters:    Size  Location     Type
  outputs         1    wreg     unsigned char 
 Auto vars:     Size  Location     Type
  outputs         1   14[COMRAM] unsigned char 
 Return value:  Size  Location     Type
                  1    wreg      void 
 Registers used:
		wreg, status,2, status,0
 Tracked objects:
		On entry : 
		On exit  : 
		Unchanged: 
 Data sizes:     COMRAM   BANK0   BANK1   BANK2   BANK3   BANK4   BANK5   BANK6   BANK7
      Params:         0       0       0       0       0       0       0       0       0
      Locals:         1       0       0       0       0       0       0       0       0
      Temps:          0       0       0       0       0       0       0       0       0
      Totals:         1       0       0       0       0       0       0       0       0
Total ram usage:        1 bytes
 Hardware stack levels used:    1
 Hardware stack levels required when called:    1
 This function calls:
		Nothing
 This function is called by:
		_printDigit1
		_printDigit2
		_printDigit3
		_printDigit4
 This function uses a non-reentrant model


 *************** function _output_lowA *****************
 Defined at:
		line 52 in file "../../Downloads/minicurso-pic-master/dia03/desafio_adc/configIO.c"
 Parameters:    Size  Location     Type
  outputs         1    wreg     unsigned char 
 Auto vars:     Size  Location     Type
  outputs         1   14[COMRAM] unsigned char 
 Return value:  Size  Location     Type
                  1    wreg      void 
 Registers used:
		wreg, status,2, status,0
 Tracked objects:
		On entry : 
		On exit  : 
		Unchanged: 
 Data sizes:     COMRAM   BANK0   BANK1   BANK2   BANK3   BANK4   BANK5   BANK6   BANK7
      Params:         0       0       0       0       0       0       0       0       0
      Locals:         1       0       0       0       0       0       0       0       0
      Temps:          0       0       0       0       0       0       0       0       0
      Totals:         1       0       0       0       0       0       0       0       0
Total ram usage:        1 bytes
 Hardware stack levels used:    1
 Hardware stack levels required when called:    1
 This function calls:
		Nothing
 This function is called by:
		_printDigit1
		_printDigit2
		_printDigit3
		_printDigit4
 This function uses a non-reentrant model


 *************** function _output_highA *****************
 Defined at:
		line 68 in file "../../Downloads/minicurso-pic-master/dia03/desafio_adc/configIO.c"
 Parameters:    Size  Location     Type
  outputs         1    wreg     unsigned char 
 Auto vars:     Size  Location     Type
  outputs         1   14[COMRAM] unsigned char 
 Return value:  Size  Location     Type
                  1    wreg      void 
 Registers used:
		wreg, status,2, status,0
 Tracked objects:
		On entry : 
		On exit  : 
		Unchanged: 
 Data sizes:     COMRAM   BANK0   BANK1   BANK2   BANK3   BANK4   BANK5   BANK6   BANK7
      Params:         0       0       0       0       0       0       0       0       0
      Locals:         1       0       0       0       0       0       0       0       0
      Temps:          0       0       0       0       0       0       0       0       0
      Totals:         1       0       0       0       0       0       0       0       0
Total ram usage:        1 bytes
 Hardware stack levels used:    1
 Hardware stack levels required when called:    1
 This function calls:
		Nothing
 This function is called by:
		_printDigit1
		_printDigit2
 This function uses a non-reentrant model


 *************** function ___lwmod *****************
 Defined at:
		line 8 in file "C:\Program Files (x86)\Microchip\xc8\v1.37\sources\common\lwmod.c"
 Parameters:    Size  Location     Type
  dividend        2   14[COMRAM] unsigned int 
  divisor         2   16[COMRAM] unsigned int 
 Auto vars:     Size  Location     Type
  counter         1   18[COMRAM] unsigned char 
 Return value:  Size  Location     Type
                  2   14[COMRAM] unsigned int 
 Registers used:
		wreg, status,2, status,0
 Tracked objects:
		On entry : 
		On exit  : 
		Unchanged: 
 Data sizes:     COMRAM   BANK0   BANK1   BANK2   BANK3   BANK4   BANK5   BANK6   BANK7
      Params:         4       0       0       0       0       0       0       0       0
      Locals:         1       0       0       0       0       0       0       0       0
      Temps:          0       0       0       0       0       0       0       0       0
      Totals:         5       0       0       0       0       0       0       0       0
Total ram usage:        5 bytes
 Hardware stack levels used:    1
 Hardware stack levels required when called:    1
 This function calls:
		Nothing
 This function is called by:
		_printDisplays
 This function uses a non-reentrant model


 *************** function ___lwdiv *****************
 Defined at:
		line 8 in file "C:\Program Files (x86)\Microchip\xc8\v1.37\sources\common\lwdiv.c"
 Parameters:    Size  Location     Type
  dividend        2   19[COMRAM] unsigned int 
  divisor         2   21[COMRAM] unsigned int 
 Auto vars:     Size  Location     Type
  quotient        2   23[COMRAM] unsigned int 
  counter         1   25[COMRAM] unsigned char 
 Return value:  Size  Location     Type
                  2   19[COMRAM] unsigned int 
 Registers used:
		wreg, status,2, status,0
 Tracked objects:
		On entry : 
		On exit  : 
		Unchanged: 
 Data sizes:     COMRAM   BANK0   BANK1   BANK2   BANK3   BANK4   BANK5   BANK6   BANK7
      Params:         4       0       0       0       0       0       0       0       0
      Locals:         3       0       0       0       0       0       0       0       0
      Temps:          0       0       0       0       0       0       0       0       0
      Totals:         7       0       0       0       0       0       0       0       0
Total ram usage:        7 bytes
 Hardware stack levels used:    1
 Hardware stack levels required when called:    1
 This function calls:
		Nothing
 This function is called by:
		_printDisplays
 This function uses a non-reentrant model


 *************** function _output_highD *****************
 Defined at:
		line 77 in file "../../Downloads/minicurso-pic-master/dia03/desafio_adc/configIO.c"
 Parameters:    Size  Location     Type
  outputs         1    wreg     unsigned char 
 Auto vars:     Size  Location     Type
  outputs         1   14[COMRAM] unsigned char 
 Return value:  Size  Location     Type
                  1    wreg      void 
 Registers used:
		wreg, status,2, status,0
 Tracked objects:
		On entry : 
		On exit  : 
		Unchanged: 
 Data sizes:     COMRAM   BANK0   BANK1   BANK2   BANK3   BANK4   BANK5   BANK6   BANK7
      Params:         0       0       0       0       0       0       0       0       0
      Locals:         1       0       0       0       0       0       0       0       0
      Temps:          0       0       0       0       0       0       0       0       0
      Totals:         1       0       0       0       0       0       0       0       0
Total ram usage:        1 bytes
 Hardware stack levels used:    1
 Hardware stack levels required when called:    1
 This function calls:
		Nothing
 This function is called by:
		_main
 This function uses a non-reentrant model


 *************** function _output_highC *****************
 Defined at:
		line 74 in file "../../Downloads/minicurso-pic-master/dia03/desafio_adc/configIO.c"
 Parameters:    Size  Location     Type
  outputs         1    wreg     unsigned char 
 Auto vars:     Size  Location     Type
  outputs         1   14[COMRAM] unsigned char 
 Return value:  Size  Location     Type
                  1    wreg      void 
 Registers used:
		wreg, status,2, status,0
 Tracked objects:
		On entry : 
		On exit  : 
		Unchanged: 
 Data sizes:     COMRAM   BANK0   BANK1   BANK2   BANK3   BANK4   BANK5   BANK6   BANK7
      Params:         0       0       0       0       0       0       0       0       0
      Locals:         1       0       0       0       0       0       0       0       0
      Temps:          0       0       0       0       0       0       0       0       0
      Totals:         1       0       0       0       0       0       0       0       0
Total ram usage:        1 bytes
 Hardware stack levels used:    1
 Hardware stack levels required when called:    1
 This function calls:
		Nothing
 This function is called by:
		_main
 This function uses a non-reentrant model


 *************** function _enableTimer0ISR *****************
 Defined at:
		line 33 in file "../../Downloads/minicurso-pic-master/dia03/desafio_adc/timer0lib.c"
 Parameters:    Size  Location     Type
		None
 Auto vars:     Size  Location     Type
		None
 Return value:  Size  Location     Type
                  1    wreg      void 
 Registers used:
		None
 Tracked objects:
		On entry : 
		On exit  : 
		Unchanged: 
 Data sizes:     COMRAM   BANK0   BANK1   BANK2   BANK3   BANK4   BANK5   BANK6   BANK7
      Params:         0       0       0       0       0       0       0       0       0
      Locals:         0       0       0       0       0       0       0       0       0
      Temps:          0       0       0       0       0       0       0       0       0
      Totals:         0       0       0       0       0       0       0       0       0
Total ram usage:        0 bytes
 Hardware stack levels used:    1
 Hardware stack levels required when called:    1
 This function calls:
		Nothing
 This function is called by:
		_main
 This function uses a non-reentrant model


 *************** function _desableTimer0ISR *****************
 Defined at:
		line 38 in file "../../Downloads/minicurso-pic-master/dia03/desafio_adc/timer0lib.c"
 Parameters:    Size  Location     Type
		None
 Auto vars:     Size  Location     Type
		None
 Return value:  Size  Location     Type
                  1    wreg      void 
 Registers used:
		None
 Tracked objects:
		On entry : 
		On exit  : 
		Unchanged: 
 Data sizes:     COMRAM   BANK0   BANK1   BANK2   BANK3   BANK4   BANK5   BANK6   BANK7
      Params:         0       0       0       0       0       0       0       0       0
      Locals:         0       0       0       0       0       0       0       0       0
      Temps:          0       0       0       0       0       0       0       0       0
      Totals:         0       0       0       0       0       0       0       0       0
Total ram usage:        0 bytes
 Hardware stack levels used:    1
 Hardware stack levels required when called:    1
 This function calls:
		Nothing
 This function is called by:
		_main
 This function uses a non-reentrant model


 *************** function _configTimer0 *****************
 Defined at:
		line 13 in file "../../Downloads/minicurso-pic-master/dia03/desafio_adc/timer0lib.c"
 Parameters:    Size  Location     Type
  prescalerVal    1    wreg     unsigned char 
 Auto vars:     Size  Location     Type
  prescalerVal    1   14[COMRAM] unsigned char 
 Return value:  Size  Location     Type
                  1    wreg      void 
 Registers used:
		wreg, status,2, status,0
 Tracked objects:
		On entry : 
		On exit  : 
		Unchanged: 
 Data sizes:     COMRAM   BANK0   BANK1   BANK2   BANK3   BANK4   BANK5   BANK6   BANK7
      Params:         0       0       0       0       0       0       0       0       0
      Locals:         1       0       0       0       0       0       0       0       0
      Temps:          0       0       0       0       0       0       0       0       0
      Totals:         1       0       0       0       0       0       0       0       0
Total ram usage:        1 bytes
 Hardware stack levels used:    1
 Hardware stack levels required when called:    1
 This function calls:
		Nothing
 This function is called by:
		_main
 This function uses a non-reentrant model


 *************** function _configSevenSeg *****************
 Defined at:
		line 38 in file "sevenSeg.c"
 Parameters:    Size  Location     Type
		None
 Auto vars:     Size  Location     Type
		None
 Return value:  Size  Location     Type
                  1    wreg      void 
 Registers used:
		wreg, status,2, status,0, cstack
 Tracked objects:
		On entry : 
		On exit  : 
		Unchanged: 
 Data sizes:     COMRAM   BANK0   BANK1   BANK2   BANK3   BANK4   BANK5   BANK6   BANK7
      Params:         0       0       0       0       0       0       0       0       0
      Locals:         0       0       0       0       0       0       0       0       0
      Temps:          0       0       0       0       0       0       0       0       0
      Totals:         0       0       0       0       0       0       0       0       0
Total ram usage:        0 bytes
 Hardware stack levels used:    1
 Hardware stack levels required when called:    2
 This function calls:
		_setOutputA
		_setOutputE
 This function is called by:
		_main
 This function uses a non-reentrant model


 *************** function _setOutputE *****************
 Defined at:
		line 27 in file "../../Downloads/minicurso-pic-master/dia03/desafio_adc/configIO.c"
 Parameters:    Size  Location     Type
  outputs         1    wreg     unsigned char 
 Auto vars:     Size  Location     Type
  outputs         1   14[COMRAM] unsigned char 
 Return value:  Size  Location     Type
                  1    wreg      void 
 Registers used:
		wreg, status,2, status,0
 Tracked objects:
		On entry : 
		On exit  : 
		Unchanged: 
 Data sizes:     COMRAM   BANK0   BANK1   BANK2   BANK3   BANK4   BANK5   BANK6   BANK7
      Params:         0       0       0       0       0       0       0       0       0
      Locals:         1       0       0       0       0       0       0       0       0
      Temps:          0       0       0       0       0       0       0       0       0
      Totals:         1       0       0       0       0       0       0       0       0
Total ram usage:        1 bytes
 Hardware stack levels used:    1
 Hardware stack levels required when called:    1
 This function calls:
		Nothing
 This function is called by:
		_configSevenSeg
 This function uses a non-reentrant model


 *************** function _setOutputA *****************
 Defined at:
		line 15 in file "../../Downloads/minicurso-pic-master/dia03/desafio_adc/configIO.c"
 Parameters:    Size  Location     Type
  outputs         1    wreg     unsigned char 
 Auto vars:     Size  Location     Type
  outputs         1   14[COMRAM] unsigned char 
 Return value:  Size  Location     Type
                  1    wreg      void 
 Registers used:
		wreg, status,2, status,0
 Tracked objects:
		On entry : 
		On exit  : 
		Unchanged: 
 Data sizes:     COMRAM   BANK0   BANK1   BANK2   BANK3   BANK4   BANK5   BANK6   BANK7
      Params:         0       0       0       0       0       0       0       0       0
      Locals:         1       0       0       0       0       0       0       0       0
      Temps:          0       0       0       0       0       0       0       0       0
      Totals:         1       0       0       0       0       0       0       0       0
Total ram usage:        1 bytes
 Hardware stack levels used:    1
 Hardware stack levels required when called:    1
 This function calls:
		Nothing
 This function is called by:
		_configSevenSeg
 This function uses a non-reentrant model


 *************** function _adcRead *****************
 Defined at:
		line 27 in file "../../Downloads/minicurso-pic-master/dia03/desafio_adc/adclib.c"
 Parameters:    Size  Location     Type
  channel         1    wreg     unsigned char 
  resultFormat    1   14[COMRAM] unsigned char 
 Auto vars:     Size  Location     Type
  channel         1   22[COMRAM] unsigned char 
  returnValue     2   20[COMRAM] unsigned int 
 Return value:  Size  Location     Type
                  2   14[COMRAM] unsigned int 
 Registers used:
		wreg, status,2, status,0
 Tracked objects:
		On entry : 
		On exit  : 
		Unchanged: 
 Data sizes:     COMRAM   BANK0   BANK1   BANK2   BANK3   BANK4   BANK5   BANK6   BANK7
      Params:         2       0       0       0       0       0       0       0       0
      Locals:         3       0       0       0       0       0       0       0       0
      Temps:          4       0       0       0       0       0       0       0       0
      Totals:         9       0       0       0       0       0       0       0       0
Total ram usage:        9 bytes
 Hardware stack levels used:    1
 Hardware stack levels required when called:    1
 This function calls:
		Nothing
 This function is called by:
		_main
 This function uses a non-reentrant model


 *************** function _adcConfig *****************
 Defined at:
		line 11 in file "../../Downloads/minicurso-pic-master/dia03/desafio_adc/adclib.c"
 Parameters:    Size  Location     Type
  conversionRa    1    wreg     unsigned char 
  acqTime         1   14[COMRAM] unsigned char 
  portConfig      1   15[COMRAM] unsigned char 
 Auto vars:     Size  Location     Type
  conversionRa    1   16[COMRAM] unsigned char 
 Return value:  Size  Location     Type
                  1    wreg      void 
 Registers used:
		wreg, status,2, status,0
 Tracked objects:
		On entry : 
		On exit  : 
		Unchanged: 
 Data sizes:     COMRAM   BANK0   BANK1   BANK2   BANK3   BANK4   BANK5   BANK6   BANK7
      Params:         2       0       0       0       0       0       0       0       0
      Locals:         1       0       0       0       0       0       0       0       0
      Temps:          0       0       0       0       0       0       0       0       0
      Totals:         3       0       0       0       0       0       0       0       0
Total ram usage:        3 bytes
 Hardware stack levels used:    1
 Hardware stack levels required when called:    1
 This function calls:
		Nothing
 This function is called by:
		_main
 This function uses a non-reentrant model


 *************** function _ISR *****************
 Defined at:
		line 12 in file "main.c"
 Parameters:    Size  Location     Type
		None
 Auto vars:     Size  Location     Type
		None
 Return value:  Size  Location     Type
                  1    wreg      void 
 Registers used:
		wreg, status,2, status,0
 Tracked objects:
		On entry : 
		On exit  : 
		Unchanged: 
 Data sizes:     COMRAM   BANK0   BANK1   BANK2   BANK3   BANK4   BANK5   BANK6   BANK7
      Params:         0       0       0       0       0       0       0       0       0
      Locals:         0       0       0       0       0       0       0       0       0
      Temps:         14       0       0       0       0       0       0       0       0
      Totals:        14       0       0       0       0       0       0       0       0
Total ram usage:       14 bytes
 Hardware stack levels used:    1
 This function calls:
		Nothing
 This function is called by:
		Interrupt level 2
 This function uses a non-reentrant model



MODULE INFORMATION

Module		Function		Class		Link	Load	Size
C:\Program Files (x86)\Microchip\xc8\v1.37\sources\common\lwdiv.c
		___lwdiv       		CODE           	0BEA	0000	83

C:\Program Files (x86)\Microchip\xc8\v1.37\sources\common\lwdiv.c estimated size: 83

sevenSeg.c
		_printDigit1   		CODE           	0D02	0000	45
		_printDigit2   		CODE           	0CD6	0000	45
		_printDigit3   		CODE           	0CAA	0000	45
		_printDigit4   		CODE           	0C7E	0000	45
		_printDisplays 		CODE           	080C	0000	577
		_configSevenSeg		CODE           	0D78	0000	15

sevenSeg.c estimated size: 772

shared
		_tabela        		SMALLCONST     	0801	0000	11
		__initialization		CODE           	0D64	0000	3

shared estimated size: 14

../../Downloads/minicurso-pic-master/dia03/desafio_adc/configIO.c
		_setOutputA    		CODE           	0DB8	0000	11
		_setOutputC    		CODE           	0D86	0000	11
		_setOutputE    		CODE           	0DAE	0000	11
		_setInputA     		CODE           	0DC2	0000	9
		_output_lowA   		CODE           	0DA4	0000	11
		_output_lowE   		CODE           	0D9A	0000	11
		_output_highA  		CODE           	0DD2	0000	9
		_output_highC  		CODE           	0DE2	0000	9
		_output_highD  		CODE           	0DDA	0000	9
		_output_highE  		CODE           	0DCA	0000	9

../../Downloads/minicurso-pic-master/dia03/desafio_adc/configIO.c estimated size: 100

../../Downloads/minicurso-pic-master/dia03/desafio_adc/timer0lib.c
		_resetTimer0   		CODE           	0D90	0000	11
		_configTimer0  		CODE           	0D4E	0000	23
		_enableTimer0ISR		CODE           	0DEA	0000	7
		_desableTimer0ISR		CODE           	0DF0	0000	5

../../Downloads/minicurso-pic-master/dia03/desafio_adc/timer0lib.c estimated size: 46

main.c
		_ISR           		CODE           	0008	0000	155
		_main          		CODE           	0B6E	0000	125

main.c estimated size: 280

C:\Program Files (x86)\Microchip\xc8\v1.37\sources\common\lwmod.c
		___lwmod       		CODE           	0C3C	0000	67

C:\Program Files (x86)\Microchip\xc8\v1.37\sources\common\lwmod.c estimated size: 67

../../Downloads/minicurso-pic-master/dia03/desafio_adc/adclib.c
		_adcRead       		CODE           	0A4C	0000	151
		_adcConfig     		CODE           	0D2E	0000	33

../../Downloads/minicurso-pic-master/dia03/desafio_adc/adclib.c estimated size: 184

